   Compiling serde_core v1.0.229
    Checking bitflags v2.13.1
    Checking bytemuck v1.25.2
   Compiling crossbeam-utils v0.8.22
   Compiling libm v0.2.16
   Compiling libc v0.2.189
   Compiling crossbeam-epoch v0.9.20
   Compiling num-traits v0.2.19
    Checking cfg-if v1.0.4
   Compiling crossbeam-deque v0.8.7
    Checking safe_unaligned_simd v0.2.5
    Checking simd-adler32 v0.3.10
   Compiling serde v1.0.229
    Checking archmage v0.9.28
   Compiling rayon-core v1.13.0
    Checking adler2 v2.0.1
    Checking enough v0.4.4
    Checking utf8parse v0.2.2
   Compiling crc32fast v1.5.1
    Checking anstyle-parse v1.0.0
   Compiling thiserror v2.0.20
   Compiling zerocopy v0.8.56
   Compiling rustix v1.1.4
    Checking magetypes v0.9.28
    Checking errno v0.3.14
    Checking whereat v0.1.5
    Checking is_terminal_polyfill v1.70.2
    Checking either v1.18.0
    Checking colorchoice v1.0.5
    Checking anstyle v1.0.14
   Compiling toml v0.5.11
    Checking anstyle-query v1.1.5
    Checking memchr v2.8.3
    Checking anstream v1.0.0
    Checking rayon v1.12.0
   Compiling zmij v1.0.23
    Checking zenpixels v0.2.16
   Compiling rawloader v0.37.2
    Checking miniz_oxide v0.9.1
    Checking objc2-core-foundation v0.3.2
    Checking clap_lex v1.1.0
    Checking strsim v0.11.1
    Checking objc2-io-kit v0.3.2
    Checking clap_builder v4.6.6
   Compiling serde_json v1.0.151
    Checking flate2 v1.1.10
    Checking linear-srgb v0.6.12
    Checking almost-enough v0.4.4
    Checking miniz_oxide v0.8.9
    Checking fdeflate v0.3.7
    Checking wide v1.7.0
    Checking lazy_static v1.5.0
    Checking itoa v1.0.18
    Checking byteorder v1.5.0
    Checking pxfm v0.1.30
    Checking moxcms v0.8.1
    Checking png v0.18.1
    Checking zencodec v0.1.26
    Checking clap v4.6.6
    Checking sysinfo v0.36.1
    Checking terminal_size v0.4.4
    Checking fs4 v1.1.0
    Checking rgb v0.8.53
    Checking imgref v1.12.3
    Checking byteorder-lite v0.1.0
    Checking zenbench v0.1.9
    Checking half v2.7.1
    Checking zensim v0.2.7
    Checking image v0.25.10
    Checking ultrahdr-core v0.3.4
    Checking zencodec-testkit v0.1.0
    Checking zenutils-fuzz v0.1.0
    Checking zenraw v0.2.0 (/Users/lilith/work/zen/zenraw)
    Finished `dev` profile [unoptimized + debuginfo] target(s) in 4.23s
