   Compiling proc-macro2 v1.0.107
   Compiling quote v1.0.47
   Compiling unicode-ident v1.0.24
   Compiling serde_core v1.0.229
   Compiling libc v0.2.189
   Compiling bitflags v2.13.1
   Compiling libm v0.2.16
   Compiling crossbeam-utils v0.8.22
   Compiling autocfg v1.5.1
   Compiling num-traits v0.2.19
   Compiling syn v3.0.4
   Compiling syn v2.0.119
   Compiling bytemuck_derive v1.12.0
   Compiling crossbeam-epoch v0.9.20
   Compiling bytemuck v1.25.2
   Compiling rustversion v1.0.23
   Compiling simd-adler32 v0.3.10
   Compiling serde v1.0.229
   Compiling cfg-if v1.0.4
   Compiling crossbeam-deque v0.8.7
   Compiling archmage-macros v0.9.28
   Compiling utf8parse v0.2.2
   Compiling crc32fast v1.5.1
   Compiling rayon-core v1.13.0
   Compiling safe_unaligned_simd v0.2.5
   Compiling adler2 v2.0.1
   Compiling rustix v1.1.4
   Compiling archmage v0.9.28
   Compiling anstyle-parse v1.0.0
   Compiling errno v0.3.14
   Compiling serde_derive v1.0.229
   Compiling thiserror v2.0.20
   Compiling anstyle-query v1.1.5
   Compiling colorchoice v1.0.5
   Compiling is_terminal_polyfill v1.70.2
   Compiling zerocopy v0.8.56
   Compiling semver v1.0.28
   Compiling anstyle v1.0.14
   Compiling zmij v1.0.23
   Compiling enough v0.4.4
   Compiling magetypes v0.9.28
   Compiling anstream v1.0.0
   Compiling rustc_version v0.4.1
   Compiling toml v0.5.11
   Compiling miniz_oxide v0.9.1
   Compiling zerocopy-derive v0.8.56
   Compiling thiserror-impl v2.0.20
   Compiling objc2-core-foundation v0.3.2
   Compiling serde_json v1.0.151
   Compiling clap_lex v1.1.0
   Compiling heck v0.5.0
   Compiling memchr v2.8.3
   Compiling glob v0.3.4
   Compiling either v1.18.0
   Compiling strsim v0.11.1
   Compiling whereat v0.1.5
   Compiling rayon v1.12.0
   Compiling clap_builder v4.6.6
   Compiling zenpixels v0.2.16
   Compiling objc2-io-kit v0.3.2
   Compiling rawloader v0.37.2
   Compiling flate2 v1.1.10
   Compiling clap_derive v4.6.4
   Compiling linear-srgb v0.6.12
   Compiling almost-enough v0.4.4
   Compiling miniz_oxide v0.8.9
   Compiling fdeflate v0.3.7
   Compiling safe_arch v1.2.0
   Compiling pxfm v0.1.30
   Compiling itoa v1.0.18
   Compiling wide v1.7.0
   Compiling half v2.7.1
   Compiling png v0.18.1
   Compiling clap v4.6.6
   Compiling zencodec v0.1.26
   Compiling sysinfo v0.36.1
   Compiling moxcms v0.8.1
   Compiling terminal_size v0.4.4
   Compiling fs4 v1.1.0
   Compiling rgb v0.8.53
   Compiling enumn v0.1.14
   Compiling imgref v1.12.3
   Compiling lazy_static v1.5.0
   Compiling byteorder-lite v0.1.0
   Compiling byteorder v1.5.0
   Compiling ultrahdr-core v0.3.4
   Compiling zensim v0.2.7
   Compiling zenbench v0.1.9
   Compiling zencodec-testkit v0.1.0
   Compiling image v0.25.10
   Compiling zenutils-fuzz v0.1.0
   Compiling zenraw v0.2.0 (/Users/lilith/work/zen/zenraw)
    Finished `test` profile [optimized + debuginfo] target(s) in 20.65s
     Running unittests src/lib.rs (target/x86_64-apple-darwin/debug/deps/zenraw-46c3834fa631786f)

running 1 test
test simd::tests::normalization_matches_scalar_bits_for_special_values ... ok

test result: ok. 1 passed; 0 failed; 0 ignored; 0 measured; 86 filtered out; finished in 0.00s

